// Jest Snapshot v1, https://goo.gl/fbAQLP

exports[`PokemonPage debe de hacer match cuando exista un pokemon 1`] = `
<div>
  <h1>How is that pokemon</h1>
  <pokemon-picture-stub pokemonid="1" showpokemon="false"></pokemon-picture-stub>
  <pokemon-options-stub pokemons="[object Object],[object Object],[object Object],[object Object]"></pokemon-options-stub>
  <!--v-if-->
  <h3>Aciertos 0</h3>
</div>
`;
